09:26:23.262    (INFO)     Trx.Start: [84]**** VISPRO_ModIns639085155834823574System.Random
09:26:23.262    (INFO)     Trx.Commit: [84]**C** VISPRO_ModIns639085155834823574System.Random
09:26:31.263    (INFO)     MChangeLog.FillChangeLog: [30]#10
09:26:40.264    (INFO)     CacheMgt.Reset: [30]AD_Ref_Table: #1 (4)
09:26:40.264    (INFO)     CacheMgt.Reset: [30]AD_Ref_Table: #1 (1)
09:26:40.264    (INFO)     CacheMgt.Reset: [30]AD_Ref_Table: #1 (1)
===========>     (SEVERE)   DB.ExecuteQuery: [30] => 23505: duplicate key value violates unique constraint "ad_ref_table_pkey"

DETAIL: Detail redacted as it may contain sensitive data. Specify 'Include Error Detail' in the connection string to include this information.
----------->     (WARNING)  DB.ExecuteQuery: [30]DBExecuteError - 23505: duplicate key value violates unique constraint "ad_ref_table_pkey"

DETAIL: Detail redacted as it may contain sensitive data. Specify 'Include Error Detail' in the connection string to include this information.
----------->     (WARNING)  X_AD_Ref_Table.Add_AD_Ref_Tables: [30]Not insertedAD_Ref_Table
09:26:40.264    (INFO)     CacheMgt.Reset: [30]AD_Ref_Table: #1 (0)
===========>     (SEVERE)   DB.ExecuteQuery: [30] => 23505: duplicate key value violates unique constraint "ad_ref_table_pkey"

DETAIL: Detail redacted as it may contain sensitive data. Specify 'Include Error Detail' in the connection string to include this information.
----------->     (WARNING)  DB.ExecuteQuery: [30]DBExecuteError - 23505: duplicate key value violates unique constraint "ad_ref_table_pkey"

DETAIL: Detail redacted as it may contain sensitive data. Specify 'Include Error Detail' in the connection string to include this information.
----------->     (WARNING)  X_AD_Ref_Table.Add_AD_Ref_Tables: [30]Not insertedAD_Ref_Table
===========>     (SEVERE)   DB.ExecuteQuery: [30] => 0A000: cannot alter type of a column used by a view or rule

DETAIL: Detail redacted as it may contain sensitive data. Specify 'Include Error Detail' in the connection string to include this information.
----------->     (WARNING)  DB.ExecuteQuery: [30]DBExecuteError - 0A000: cannot alter type of a column used by a view or rule

DETAIL: Detail redacted as it may contain sensitive data. Specify 'Include Error Detail' in the connection string to include this information.
===========>     (SEVERE)   DB.ExecuteQuery: [30] => 0A000: cannot alter type of a column used by a view or rule

DETAIL: Detail redacted as it may contain sensitive data. Specify 'Include Error Detail' in the connection string to include this information.
----------->     (WARNING)  DB.ExecuteQuery: [30]DBExecuteError - 0A000: cannot alter type of a column used by a view or rule

DETAIL: Detail redacted as it may contain sensitive data. Specify 'Include Error Detail' in the connection string to include this information.
===========>     (SEVERE)   DB.ExecuteQuery: [30] => VISDBERRORCOLUMN: VALUE,AD_REFERENCE_ID
----------->     (WARNING)  DB.ExecuteQuery: [30]DBExecuteError - VISDBERRORCOLUMN: VALUE,AD_REFERENCE_ID
===========>     (SEVERE)   DB.ExecuteQuery: [30] => VISDBERRORCOLUMN: VALUE,AD_REFERENCE_ID
----------->     (WARNING)  DB.ExecuteQuery: [30]DBExecuteError - VISDBERRORCOLUMN: VALUE,AD_REFERENCE_ID
===========>     (SEVERE)   DB.ExecuteQuery: [30] => VISDBERRORCOLUMN: VALUE,AD_REFERENCE_ID
----------->     (WARNING)  DB.ExecuteQuery: [30]DBExecuteError - VISDBERRORCOLUMN: VALUE,AD_REFERENCE_ID
===========>     (SEVERE)   DB.ExecuteQuery: [30] => VISDBERRORCOLUMN: VALUE,AD_REFERENCE_ID
----------->     (WARNING)  DB.ExecuteQuery: [30]DBExecuteError - VISDBERRORCOLUMN: VALUE,AD_REFERENCE_ID
09:26:44.264    (INFO)     Env.Reset: [30]finalCall=False
09:26:44.264    (INFO)     CacheMgt.Reset: [30]#22 (6679)
09:26:44.264    (INFO)     Trx.Start: [30]**** VISPRO_ModIns639085156045133249System.Random
09:26:44.264    (INFO)     Trx.Commit: [30]**C** VISPRO_ModIns639085156045133249System.Random
09:26:48.264    (INFO)     MSession.Logout: [38]-08:45:53.655
