===========>     (SEVERE)   PostgreHelper.ExecuteDataset: [10]42703: column ad_widgetsize.d_chart_id does not exist

POSITION: 375 [Query D] =>SELECT D_Chart.chartType, D_Chart.d_chart_id, D_Chart.Name, colspan,rowspan,'C' AS Type,AD_WidgetSize.AD_WidgetSize_ID,Sequence, IsDefault,AD_IMAGE.BINARYDATA,D_Chart.AD_Window_ID FROM D_Chart INNER JOIN 
                            D_ChartAccess ON (D_Chart.D_Chart_ID=D_ChartAccess.D_Chart_ID)
                            INNER JOIN AD_WidgetSize ON (D_Chart.D_Chart_ID=AD_WidgetSize.D_Chart_ID)LEFT JOIN AD_IMAGE ON AD_IMAGE.AD_IMAGE_ID=AD_WidgetSize.AD_IMAGE_ID                           
                            WHERE D_Chart.isActive='Y' AND AD_WidgetSize.isActive='Y' AND  D_ChartAccess.AD_Role_ID=0 AND Homepage='Y' UNION ALL  SELECT RC_KPI.KPIType AS chartType, RC_KPI.RC_KPI_ID AS d_chart_id,  RC_KPI.Name, colspan,rowspan,'K' AS Type,AD_WidgetSize.AD_WidgetSize_ID,Sequence ,IsDefault,AD_IMAGE.BINARYDATA,RC_KPI.AD_Window_ID FROM RC_KPI INNER JOIN 
                            RC_KPIAccess ON (RC_KPI.RC_KPI_ID=RC_KPIAccess.RC_KPI_ID)
                            INNER JOIN AD_WidgetSize ON (RC_KPI.RC_KPI_ID=AD_WidgetSize.RC_KPI_ID) LEFT JOIN AD_IMAGE ON AD_IMAGE.AD_IMAGE_ID=AD_WidgetSize.AD_IMAGE_ID                            
                            WHERE RC_KPI.isActive='Y' AND AD_WidgetSize.isActive='Y' AND   RC_KPIAccess.AD_Role_ID=0 AND Homepage='Y' UNION ALL  SELECT 'V' AS chartType, RC_View.RC_View_ID AS d_chart_id, RC_View.Name, colspan,rowspan,'V' AS Type,AD_WidgetSize.AD_WidgetSize_ID,Sequence ,IsDefault,AD_IMAGE.BINARYDATA, RC_View.AD_Window_ID FROM RC_View INNER JOIN 
                            RC_ViewAccess ON (RC_View.RC_View_ID=RC_ViewAccess.RC_View_ID)
                            INNER JOIN AD_WidgetSize ON (RC_View.RC_View_ID=AD_WidgetSize.RC_View_ID) LEFT JOIN AD_IMAGE ON AD_IMAGE.AD_IMAGE_ID=AD_WidgetSize.AD_IMAGE_ID                            
                            WHERE RC_View.isActive='Y' AND AD_WidgetSize.isActive='Y' AND   RC_ViewAccess.AD_Role_ID=0 AND Homepage='Y'
09:27:20.272    (INFO)     Trx.Start: [30]**** VISPRO_ModIns638760292401068776System.Random
09:27:20.272    (INFO)     Trx.Commit: [30]**C** VISPRO_ModIns638760292401068776System.Random
===========>     (SEVERE)   DB.ExecuteQuery: [29] => 42704: index "vadb_d_chartaccess_ind" does not exist
----------->     (WARNING)  DB.ExecuteQuery: [29]DBExecuteError - 42704: index "vadb_d_chartaccess_ind" does not exist
09:27:25.272    (INFO)     MChangeLog.FillChangeLog: [29]#9
===========>     (SEVERE)   DB.ExecuteQuery: [29] => 23505: duplicate key value violates unique constraint "ad_form_access_pkey"

DETAIL: Detail redacted as it may contain sensitive data. Specify 'Include Error Detail' in the connection string to include this information.
----------->     (WARNING)  DB.ExecuteQuery: [29]DBExecuteError - 23505: duplicate key value violates unique constraint "ad_form_access_pkey"

DETAIL: Detail redacted as it may contain sensitive data. Specify 'Include Error Detail' in the connection string to include this information.
----------->     (WARNING)  X_AD_Form_Access.ImportNow: [29]Not insertedAD_Form_Access
===========>     (SEVERE)   DB.ExecuteQuery: [29] => 23505: duplicate key value violates unique constraint "ad_form_access_pkey"

DETAIL: Detail redacted as it may contain sensitive data. Specify 'Include Error Detail' in the connection string to include this information.
----------->     (WARNING)  DB.ExecuteQuery: [29]DBExecuteError - 23505: duplicate key value violates unique constraint "ad_form_access_pkey"

DETAIL: Detail redacted as it may contain sensitive data. Specify 'Include Error Detail' in the connection string to include this information.
----------->     (WARNING)  X_AD_Form_Access.ImportNow: [29]Not insertedAD_Form_Access
===========>     (SEVERE)   DB.ExecuteQuery: [29] => 23505: duplicate key value violates unique constraint "ad_column_pkey"

DETAIL: Detail redacted as it may contain sensitive data. Specify 'Include Error Detail' in the connection string to include this information.
----------->     (WARNING)  DB.ExecuteQuery: [29]DBExecuteError - 23505: duplicate key value violates unique constraint "ad_column_pkey"

DETAIL: Detail redacted as it may contain sensitive data. Specify 'Include Error Detail' in the connection string to include this information.
===========>     (SEVERE)   DB.ExecuteQuery: [29] => 23505: duplicate key value violates unique constraint "ad_tab_pkey"

DETAIL: Detail redacted as it may contain sensitive data. Specify 'Include Error Detail' in the connection string to include this information.
----------->     (WARNING)  DB.ExecuteQuery: [29]DBExecuteError - 23505: duplicate key value violates unique constraint "ad_tab_pkey"

DETAIL: Detail redacted as it may contain sensitive data. Specify 'Include Error Detail' in the connection string to include this information.
===========>     (SEVERE)   DB.ExecuteQuery: [29] => 23503: insert or update on table "ad_moduletab" violates foreign key constraint "fk1000353_1008016"

DETAIL: Detail redacted as it may contain sensitive data. Specify 'Include Error Detail' in the connection string to include this information.
----------->     (WARNING)  DB.ExecuteQuery: [29]DBExecuteError - 23503: insert or update on table "ad_moduletab" violates foreign key constraint "fk1000353_1008016"

DETAIL: Detail redacted as it may contain sensitive data. Specify 'Include Error Detail' in the connection string to include this information.
===========>     (SEVERE)   DB.ExecuteQuery: [29] => 23503: insert or update on table "ad_field" violates foreign key constraint "fk107_172"

DETAIL: Detail redacted as it may contain sensitive data. Specify 'Include Error Detail' in the connection string to include this information.
----------->     (WARNING)  DB.ExecuteQuery: [29]DBExecuteError - 23503: insert or update on table "ad_field" violates foreign key constraint "fk107_172"

DETAIL: Detail redacted as it may contain sensitive data. Specify 'Include Error Detail' in the connection string to include this information.
===========>     (SEVERE)   DB.ExecuteQuery: [29] => 23503: insert or update on table "ad_modulefield" violates foreign key constraint "fk1000354_1008045"

DETAIL: Detail redacted as it may contain sensitive data. Specify 'Include Error Detail' in the connection string to include this information.
----------->     (WARNING)  DB.ExecuteQuery: [29]DBExecuteError - 23503: insert or update on table "ad_modulefield" violates foreign key constraint "fk1000354_1008045"

DETAIL: Detail redacted as it may contain sensitive data. Specify 'Include Error Detail' in the connection string to include this information.
===========>     (SEVERE)   DB.ExecuteQuery: [29] => 23503: insert or update on table "ad_field" violates foreign key constraint "fk107_172"

DETAIL: Detail redacted as it may contain sensitive data. Specify 'Include Error Detail' in the connection string to include this information.
----------->     (WARNING)  DB.ExecuteQuery: [29]DBExecuteError - 23503: insert or update on table "ad_field" violates foreign key constraint "fk107_172"

DETAIL: Detail redacted as it may contain sensitive data. Specify 'Include Error Detail' in the connection string to include this information.
===========>     (SEVERE)   DB.ExecuteQuery: [29] => 23503: insert or update on table "ad_modulefield" violates foreign key constraint "fk1000354_1008045"

DETAIL: Detail redacted as it may contain sensitive data. Specify 'Include Error Detail' in the connection string to include this information.
----------->     (WARNING)  DB.ExecuteQuery: [29]DBExecuteError - 23503: insert or update on table "ad_modulefield" violates foreign key constraint "fk1000354_1008045"

DETAIL: Detail redacted as it may contain sensitive data. Specify 'Include Error Detail' in the connection string to include this information.
===========>     (SEVERE)   DB.ExecuteQuery: [29] => 23503: insert or update on table "ad_field" violates foreign key constraint "fk107_174"

DETAIL: Detail redacted as it may contain sensitive data. Specify 'Include Error Detail' in the connection string to include this information.
----------->     (WARNING)  DB.ExecuteQuery: [29]DBExecuteError - 23503: insert or update on table "ad_field" violates foreign key constraint "fk107_174"

DETAIL: Detail redacted as it may contain sensitive data. Specify 'Include Error Detail' in the connection string to include this information.
===========>     (SEVERE)   DB.ExecuteQuery: [29] => 23503: insert or update on table "ad_modulefield" violates foreign key constraint "fk1000354_1008045"

DETAIL: Detail redacted as it may contain sensitive data. Specify 'Include Error Detail' in the connection string to include this information.
----------->     (WARNING)  DB.ExecuteQuery: [29]DBExecuteError - 23503: insert or update on table "ad_modulefield" violates foreign key constraint "fk1000354_1008045"

DETAIL: Detail redacted as it may contain sensitive data. Specify 'Include Error Detail' in the connection string to include this information.
===========>     (SEVERE)   DB.ExecuteQuery: [29] => 23503: insert or update on table "ad_field" violates foreign key constraint "fk107_172"

DETAIL: Detail redacted as it may contain sensitive data. Specify 'Include Error Detail' in the connection string to include this information.
----------->     (WARNING)  DB.ExecuteQuery: [29]DBExecuteError - 23503: insert or update on table "ad_field" violates foreign key constraint "fk107_172"

DETAIL: Detail redacted as it may contain sensitive data. Specify 'Include Error Detail' in the connection string to include this information.
===========>     (SEVERE)   DB.ExecuteQuery: [29] => 23503: insert or update on table "ad_modulefield" violates foreign key constraint "fk1000354_1008045"

DETAIL: Detail redacted as it may contain sensitive data. Specify 'Include Error Detail' in the connection string to include this information.
----------->     (WARNING)  DB.ExecuteQuery: [29]DBExecuteError - 23503: insert or update on table "ad_modulefield" violates foreign key constraint "fk1000354_1008045"

DETAIL: Detail redacted as it may contain sensitive data. Specify 'Include Error Detail' in the connection string to include this information.
===========>     (SEVERE)   DB.ExecuteQuery: [29] => 23503: insert or update on table "ad_field" violates foreign key constraint "fk107_172"

DETAIL: Detail redacted as it may contain sensitive data. Specify 'Include Error Detail' in the connection string to include this information.
----------->     (WARNING)  DB.ExecuteQuery: [29]DBExecuteError - 23503: insert or update on table "ad_field" violates foreign key constraint "fk107_172"

DETAIL: Detail redacted as it may contain sensitive data. Specify 'Include Error Detail' in the connection string to include this information.
===========>     (SEVERE)   DB.ExecuteQuery: [29] => 23503: insert or update on table "ad_modulefield" violates foreign key constraint "fk1000354_1008045"

DETAIL: Detail redacted as it may contain sensitive data. Specify 'Include Error Detail' in the connection string to include this information.
----------->     (WARNING)  DB.ExecuteQuery: [29]DBExecuteError - 23503: insert or update on table "ad_modulefield" violates foreign key constraint "fk1000354_1008045"

DETAIL: Detail redacted as it may contain sensitive data. Specify 'Include Error Detail' in the connection string to include this information.
===========>     (SEVERE)   DB.ExecuteQuery: [29] => 23503: insert or update on table "ad_field" violates foreign key constraint "fk107_172"

DETAIL: Detail redacted as it may contain sensitive data. Specify 'Include Error Detail' in the connection string to include this information.
----------->     (WARNING)  DB.ExecuteQuery: [29]DBExecuteError - 23503: insert or update on table "ad_field" violates foreign key constraint "fk107_172"

DETAIL: Detail redacted as it may contain sensitive data. Specify 'Include Error Detail' in the connection string to include this information.
===========>     (SEVERE)   DB.ExecuteQuery: [29] => 23503: insert or update on table "ad_modulefield" violates foreign key constraint "fk1000354_1008045"

DETAIL: Detail redacted as it may contain sensitive data. Specify 'Include Error Detail' in the connection string to include this information.
----------->     (WARNING)  DB.ExecuteQuery: [29]DBExecuteError - 23503: insert or update on table "ad_modulefield" violates foreign key constraint "fk1000354_1008045"

DETAIL: Detail redacted as it may contain sensitive data. Specify 'Include Error Detail' in the connection string to include this information.
===========>     (SEVERE)   DB.ExecuteQuery: [29] => 23503: insert or update on table "ad_field" violates foreign key constraint "fk107_172"

DETAIL: Detail redacted as it may contain sensitive data. Specify 'Include Error Detail' in the connection string to include this information.
----------->     (WARNING)  DB.ExecuteQuery: [29]DBExecuteError - 23503: insert or update on table "ad_field" violates foreign key constraint "fk107_172"

DETAIL: Detail redacted as it may contain sensitive data. Specify 'Include Error Detail' in the connection string to include this information.
===========>     (SEVERE)   DB.ExecuteQuery: [29] => 23503: insert or update on table "ad_modulefield" violates foreign key constraint "fk1000354_1008045"

DETAIL: Detail redacted as it may contain sensitive data. Specify 'Include Error Detail' in the connection string to include this information.
----------->     (WARNING)  DB.ExecuteQuery: [29]DBExecuteError - 23503: insert or update on table "ad_modulefield" violates foreign key constraint "fk1000354_1008045"

DETAIL: Detail redacted as it may contain sensitive data. Specify 'Include Error Detail' in the connection string to include this information.
===========>     (SEVERE)   DB.ExecuteQuery: [29] => 23503: insert or update on table "ad_field" violates foreign key constraint "fk107_172"

DETAIL: Detail redacted as it may contain sensitive data. Specify 'Include Error Detail' in the connection string to include this information.
----------->     (WARNING)  DB.ExecuteQuery: [29]DBExecuteError - 23503: insert or update on table "ad_field" violates foreign key constraint "fk107_172"

DETAIL: Detail redacted as it may contain sensitive data. Specify 'Include Error Detail' in the connection string to include this information.
===========>     (SEVERE)   DB.ExecuteQuery: [29] => 23503: insert or update on table "ad_modulefield" violates foreign key constraint "fk1000354_1008045"

DETAIL: Detail redacted as it may contain sensitive data. Specify 'Include Error Detail' in the connection string to include this information.
----------->     (WARNING)  DB.ExecuteQuery: [29]DBExecuteError - 23503: insert or update on table "ad_modulefield" violates foreign key constraint "fk1000354_1008045"

DETAIL: Detail redacted as it may contain sensitive data. Specify 'Include Error Detail' in the connection string to include this information.
===========>     (SEVERE)   DB.ExecuteQuery: [29] => 23503: insert or update on table "ad_field" violates foreign key constraint "fk107_172"

DETAIL: Detail redacted as it may contain sensitive data. Specify 'Include Error Detail' in the connection string to include this information.
----------->     (WARNING)  DB.ExecuteQuery: [29]DBExecuteError - 23503: insert or update on table "ad_field" violates foreign key constraint "fk107_172"

DETAIL: Detail redacted as it may contain sensitive data. Specify 'Include Error Detail' in the connection string to include this information.
===========>     (SEVERE)   DB.ExecuteQuery: [29] => 23503: insert or update on table "ad_field" violates foreign key constraint "fk107_172"

DETAIL: Detail redacted as it may contain sensitive data. Specify 'Include Error Detail' in the connection string to include this information.
----------->     (WARNING)  DB.ExecuteQuery: [29]DBExecuteError - 23503: insert or update on table "ad_field" violates foreign key constraint "fk107_172"

DETAIL: Detail redacted as it may contain sensitive data. Specify 'Include Error Detail' in the connection string to include this information.
09:28:21.282    (INFO)     CacheMgt.Reset: [29]AD_Ref_Table: #1 (4)
09:28:21.282    (INFO)     CacheMgt.Reset: [29]AD_Ref_Table: #1 (0)
===========>     (SEVERE)   DB.ExecuteQuery: [29] => 23505: duplicate key value violates unique constraint "ad_ref_table_pkey"

DETAIL: Detail redacted as it may contain sensitive data. Specify 'Include Error Detail' in the connection string to include this information.
----------->     (WARNING)  DB.ExecuteQuery: [29]DBExecuteError - 23505: duplicate key value violates unique constraint "ad_ref_table_pkey"

DETAIL: Detail redacted as it may contain sensitive data. Specify 'Include Error Detail' in the connection string to include this information.
----------->     (WARNING)  X_AD_Ref_Table.Add_AD_Ref_Tables: [29]Not insertedAD_Ref_Table
09:28:21.282    (INFO)     CacheMgt.Reset: [29]AD_Ref_Table: #1 (0)
09:28:21.282    (INFO)     CacheMgt.Reset: [29]AD_Ref_Table: #1 (0)
===========>     (SEVERE)   DB.ExecuteQuery: [29] => 23505: duplicate key value violates unique constraint "ad_ref_table_pkey"

DETAIL: Detail redacted as it may contain sensitive data. Specify 'Include Error Detail' in the connection string to include this information.
----------->     (WARNING)  DB.ExecuteQuery: [29]DBExecuteError - 23505: duplicate key value violates unique constraint "ad_ref_table_pkey"

DETAIL: Detail redacted as it may contain sensitive data. Specify 'Include Error Detail' in the connection string to include this information.
----------->     (WARNING)  X_AD_Ref_Table.Add_AD_Ref_Tables: [29]Not insertedAD_Ref_Table
===========>     (SEVERE)   DB.ExecuteQuery: [29] => 42601: syntax error at or near "=@"

POSITION: 43
----------->     (WARNING)  DB.ExecuteQuery: [29]DBExecuteError - 42601: syntax error at or near "=@"

POSITION: 43
===========>     (SEVERE)   DB.ExecuteQuery: [29] => 42703: column "y" does not exist

POSITION: 43
----------->     (WARNING)  DB.ExecuteQuery: [29]DBExecuteError - 42703: column "y" does not exist

POSITION: 43
===========>     (SEVERE)   DB.ExecuteQuery: [29] => 42601: syntax error at or near "=@#"

POSITION: 46
----------->     (WARNING)  DB.ExecuteQuery: [29]DBExecuteError - 42601: syntax error at or near "=@#"

POSITION: 46
===========>     (SEVERE)   DB.ExecuteQuery: [29] => 42601: syntax error at or near "=@#"

POSITION: 32
----------->     (WARNING)  DB.ExecuteQuery: [29]DBExecuteError - 42601: syntax error at or near "=@#"

POSITION: 32
===========>     (SEVERE)   DB.ExecuteQuery: [29] => 42601: syntax error at or near "=@#"

POSITION: 29
----------->     (WARNING)  DB.ExecuteQuery: [29]DBExecuteError - 42601: syntax error at or near "=@#"

POSITION: 29
===========>     (SEVERE)   DB.ExecuteQuery: [29] => 42703: column "y" does not exist

POSITION: 29
----------->     (WARNING)  DB.ExecuteQuery: [29]DBExecuteError - 42703: column "y" does not exist

POSITION: 29
===========>     (SEVERE)   DB.ExecuteQuery: [29] => 42601: syntax error at or near "=@#"

POSITION: 38
----------->     (WARNING)  DB.ExecuteQuery: [29]DBExecuteError - 42601: syntax error at or near "=@#"

POSITION: 38
===========>     (SEVERE)   DB.ExecuteQuery: [29] => 42601: syntax error at or near "=@#"

POSITION: 35
----------->     (WARNING)  DB.ExecuteQuery: [29]DBExecuteError - 42601: syntax error at or near "=@#"

POSITION: 35
===========>     (SEVERE)   DB.ExecuteQuery: [29] => 42703: column "y" does not exist

POSITION: 35
----------->     (WARNING)  DB.ExecuteQuery: [29]DBExecuteError - 42703: column "y" does not exist

POSITION: 35
===========>     (SEVERE)   DB.ExecuteQuery: [29] => 42601: syntax error at or near "=@"

POSITION: 37
----------->     (WARNING)  DB.ExecuteQuery: [29]DBExecuteError - 42601: syntax error at or near "=@"

POSITION: 37
===========>     (SEVERE)   DB.ExecuteQuery: [29] => 42703: column "y" does not exist

POSITION: 34
----------->     (WARNING)  DB.ExecuteQuery: [29]DBExecuteError - 42703: column "y" does not exist

POSITION: 34
===========>     (SEVERE)   DB.ExecuteQuery: [29] => 42601: syntax error at or near "=@#"

POSITION: 36
----------->     (WARNING)  DB.ExecuteQuery: [29]DBExecuteError - 42601: syntax error at or near "=@#"

POSITION: 36
===========>     (SEVERE)   DB.ExecuteQuery: [29] => 42601: syntax error at or near "=@"

POSITION: 33
----------->     (WARNING)  DB.ExecuteQuery: [29]DBExecuteError - 42601: syntax error at or near "=@"

POSITION: 33
===========>     (SEVERE)   DB.ExecuteQuery: [29] => 42703: column "y" does not exist

POSITION: 33
----------->     (WARNING)  DB.ExecuteQuery: [29]DBExecuteError - 42703: column "y" does not exist

POSITION: 33
===========>     (SEVERE)   DB.ExecuteQuery: [29] => 42601: syntax error at or near "=@#"

POSITION: 32
----------->     (WARNING)  DB.ExecuteQuery: [29]DBExecuteError - 42601: syntax error at or near "=@#"

POSITION: 32
===========>     (SEVERE)   DB.ExecuteQuery: [29] => 42601: syntax error at or near "=@#"

POSITION: 29
----------->     (WARNING)  DB.ExecuteQuery: [29]DBExecuteError - 42601: syntax error at or near "=@#"

POSITION: 29
===========>     (SEVERE)   DB.ExecuteQuery: [29] => 42703: column "y" does not exist

POSITION: 29
----------->     (WARNING)  DB.ExecuteQuery: [29]DBExecuteError - 42703: column "y" does not exist

POSITION: 29
===========>     (SEVERE)   DB.ExecuteQuery: [29] => 42601: syntax error at or near "=@#"

POSITION: 38
----------->     (WARNING)  DB.ExecuteQuery: [29]DBExecuteError - 42601: syntax error at or near "=@#"

POSITION: 38
===========>     (SEVERE)   DB.ExecuteQuery: [29] => 42601: syntax error at or near "=@"

POSITION: 35
----------->     (WARNING)  DB.ExecuteQuery: [29]DBExecuteError - 42601: syntax error at or near "=@"

POSITION: 35
===========>     (SEVERE)   DB.ExecuteQuery: [29] => 42703: column "y" does not exist

POSITION: 35
----------->     (WARNING)  DB.ExecuteQuery: [29]DBExecuteError - 42703: column "y" does not exist

POSITION: 35
===========>     (SEVERE)   DB.ExecuteQuery: [29] => 42601: syntax error at or near "=@#"

POSITION: 36
----------->     (WARNING)  DB.ExecuteQuery: [29]DBExecuteError - 42601: syntax error at or near "=@#"

POSITION: 36
===========>     (SEVERE)   DB.ExecuteQuery: [29] => 42601: syntax error at or near "=@"

POSITION: 33
----------->     (WARNING)  DB.ExecuteQuery: [29]DBExecuteError - 42601: syntax error at or near "=@"

POSITION: 33
===========>     (SEVERE)   DB.ExecuteQuery: [29] => 42703: column "y" does not exist

POSITION: 33
----------->     (WARNING)  DB.ExecuteQuery: [29]DBExecuteError - 42703: column "y" does not exist

POSITION: 33
===========>     (SEVERE)   DB.ExecuteQuery: [29] => 42601: syntax error at or near "=@#"

POSITION: 33
----------->     (WARNING)  DB.ExecuteQuery: [29]DBExecuteError - 42601: syntax error at or near "=@#"

POSITION: 33
===========>     (SEVERE)   DB.ExecuteQuery: [29] => 42601: syntax error at or near "=@#"

POSITION: 30
----------->     (WARNING)  DB.ExecuteQuery: [29]DBExecuteError - 42601: syntax error at or near "=@#"

POSITION: 30
===========>     (SEVERE)   DB.ExecuteQuery: [29] => 42703: column "y" does not exist

POSITION: 30
----------->     (WARNING)  DB.ExecuteQuery: [29]DBExecuteError - 42703: column "y" does not exist

POSITION: 30
===========>     (SEVERE)   DB.ExecuteQuery: [29] => 42601: syntax error at or near "=@#"

POSITION: 36
----------->     (WARNING)  DB.ExecuteQuery: [29]DBExecuteError - 42601: syntax error at or near "=@#"

POSITION: 36
===========>     (SEVERE)   DB.ExecuteQuery: [29] => 42601: syntax error at or near "=@#"

POSITION: 33
----------->     (WARNING)  DB.ExecuteQuery: [29]DBExecuteError - 42601: syntax error at or near "=@#"

POSITION: 33
===========>     (SEVERE)   DB.ExecuteQuery: [29] => 42703: column "y" does not exist

POSITION: 33
----------->     (WARNING)  DB.ExecuteQuery: [29]DBExecuteError - 42703: column "y" does not exist

POSITION: 33
===========>     (SEVERE)   DB.ExecuteQuery: [29] => 0A000: cannot alter type of a column used by a view or rule

DETAIL: Detail redacted as it may contain sensitive data. Specify 'Include Error Detail' in the connection string to include this information.
----------->     (WARNING)  DB.ExecuteQuery: [29]DBExecuteError - 0A000: cannot alter type of a column used by a view or rule

DETAIL: Detail redacted as it may contain sensitive data. Specify 'Include Error Detail' in the connection string to include this information.
===========>     (SEVERE)   DB.ExecuteQuery: [29] => 42601: syntax error at or near "=@#"

POSITION: 32
----------->     (WARNING)  DB.ExecuteQuery: [29]DBExecuteError - 42601: syntax error at or near "=@#"

POSITION: 32
===========>     (SEVERE)   DB.ExecuteQuery: [29] => 0A000: cannot alter type of a column used by a view or rule

DETAIL: Detail redacted as it may contain sensitive data. Specify 'Include Error Detail' in the connection string to include this information.
----------->     (WARNING)  DB.ExecuteQuery: [29]DBExecuteError - 0A000: cannot alter type of a column used by a view or rule

DETAIL: Detail redacted as it may contain sensitive data. Specify 'Include Error Detail' in the connection string to include this information.
===========>     (SEVERE)   DB.ExecuteQuery: [29] => 42601: syntax error at or near "=@#"

POSITION: 29
----------->     (WARNING)  DB.ExecuteQuery: [29]DBExecuteError - 42601: syntax error at or near "=@#"

POSITION: 29
===========>     (SEVERE)   DB.ExecuteQuery: [29] => 0A000: cannot alter type of a column used by a view or rule

DETAIL: Detail redacted as it may contain sensitive data. Specify 'Include Error Detail' in the connection string to include this information.
----------->     (WARNING)  DB.ExecuteQuery: [29]DBExecuteError - 0A000: cannot alter type of a column used by a view or rule

DETAIL: Detail redacted as it may contain sensitive data. Specify 'Include Error Detail' in the connection string to include this information.
===========>     (SEVERE)   DB.ExecuteQuery: [29] => 0A000: cannot alter type of a column used by a view or rule

DETAIL: Detail redacted as it may contain sensitive data. Specify 'Include Error Detail' in the connection string to include this information.
----------->     (WARNING)  DB.ExecuteQuery: [29]DBExecuteError - 0A000: cannot alter type of a column used by a view or rule

DETAIL: Detail redacted as it may contain sensitive data. Specify 'Include Error Detail' in the connection string to include this information.
===========>     (SEVERE)   DB.ExecuteQuery: [29] => 0A000: cannot alter type of a column used by a view or rule

DETAIL: Detail redacted as it may contain sensitive data. Specify 'Include Error Detail' in the connection string to include this information.
----------->     (WARNING)  DB.ExecuteQuery: [29]DBExecuteError - 0A000: cannot alter type of a column used by a view or rule

DETAIL: Detail redacted as it may contain sensitive data. Specify 'Include Error Detail' in the connection string to include this information.
===========>     (SEVERE)   DB.ExecuteQuery: [29] => 0A000: cannot alter type of a column used by a view or rule

DETAIL: Detail redacted as it may contain sensitive data. Specify 'Include Error Detail' in the connection string to include this information.
----------->     (WARNING)  DB.ExecuteQuery: [29]DBExecuteError - 0A000: cannot alter type of a column used by a view or rule

DETAIL: Detail redacted as it may contain sensitive data. Specify 'Include Error Detail' in the connection string to include this information.
===========>     (SEVERE)   DB.ExecuteQuery: [29] => 42703: column "y" does not exist

POSITION: 29
----------->     (WARNING)  DB.ExecuteQuery: [29]DBExecuteError - 42703: column "y" does not exist

POSITION: 29
===========>     (SEVERE)   DB.ExecuteQuery: [29] => 0A000: cannot alter type of a column used by a view or rule

DETAIL: Detail redacted as it may contain sensitive data. Specify 'Include Error Detail' in the connection string to include this information.
----------->     (WARNING)  DB.ExecuteQuery: [29]DBExecuteError - 0A000: cannot alter type of a column used by a view or rule

DETAIL: Detail redacted as it may contain sensitive data. Specify 'Include Error Detail' in the connection string to include this information.
===========>     (SEVERE)   DB.ExecuteQuery: [29] => 0A000: cannot alter type of a column used by a view or rule

DETAIL: Detail redacted as it may contain sensitive data. Specify 'Include Error Detail' in the connection string to include this information.
----------->     (WARNING)  DB.ExecuteQuery: [29]DBExecuteError - 0A000: cannot alter type of a column used by a view or rule

DETAIL: Detail redacted as it may contain sensitive data. Specify 'Include Error Detail' in the connection string to include this information.
===========>     (SEVERE)   DB.ExecuteQuery: [29] => 0A000: cannot alter type of a column used by a view or rule

DETAIL: Detail redacted as it may contain sensitive data. Specify 'Include Error Detail' in the connection string to include this information.
----------->     (WARNING)  DB.ExecuteQuery: [29]DBExecuteError - 0A000: cannot alter type of a column used by a view or rule

DETAIL: Detail redacted as it may contain sensitive data. Specify 'Include Error Detail' in the connection string to include this information.
===========>     (SEVERE)   DB.ExecuteQuery: [29] => 42601: syntax error at or near "=@#"

POSITION: 40
----------->     (WARNING)  DB.ExecuteQuery: [29]DBExecuteError - 42601: syntax error at or near "=@#"

POSITION: 40
===========>     (SEVERE)   DB.ExecuteQuery: [29] => 42601: syntax error at or near "=@#"

POSITION: 37
----------->     (WARNING)  DB.ExecuteQuery: [29]DBExecuteError - 42601: syntax error at or near "=@#"

POSITION: 37
===========>     (SEVERE)   DB.ExecuteQuery: [29] => 42703: column "y" does not exist

POSITION: 37
----------->     (WARNING)  DB.ExecuteQuery: [29]DBExecuteError - 42703: column "y" does not exist

POSITION: 37
===========>     (SEVERE)   DB.ExecuteQuery: [29] => 23502: column "wherecondition" of relation "d_series" contains null values
----------->     (WARNING)  DB.ExecuteQuery: [29]DBExecuteError - 23502: column "wherecondition" of relation "d_series" contains null values
===========>     (SEVERE)   DB.ExecuteQuery: [29] => 23502: column "alertmessage" of relation "d_series" contains null values
----------->     (WARNING)  DB.ExecuteQuery: [29]DBExecuteError - 23502: column "alertmessage" of relation "d_series" contains null values
===========>     (SEVERE)   DB.ExecuteQuery: [29] => 42601: syntax error at or near "=@#"

POSITION: 33
----------->     (WARNING)  DB.ExecuteQuery: [29]DBExecuteError - 42601: syntax error at or near "=@#"

POSITION: 33
===========>     (SEVERE)   DB.ExecuteQuery: [29] => 42601: syntax error at or near "=@#"

POSITION: 30
----------->     (WARNING)  DB.ExecuteQuery: [29]DBExecuteError - 42601: syntax error at or near "=@#"

POSITION: 30
===========>     (SEVERE)   DB.ExecuteQuery: [29] => 0A000: cannot alter type of a column used by a view or rule

DETAIL: Detail redacted as it may contain sensitive data. Specify 'Include Error Detail' in the connection string to include this information.
----------->     (WARNING)  DB.ExecuteQuery: [29]DBExecuteError - 0A000: cannot alter type of a column used by a view or rule

DETAIL: Detail redacted as it may contain sensitive data. Specify 'Include Error Detail' in the connection string to include this information.
===========>     (SEVERE)   DB.ExecuteQuery: [29] => 0A000: cannot alter type of a column used by a view or rule

DETAIL: Detail redacted as it may contain sensitive data. Specify 'Include Error Detail' in the connection string to include this information.
----------->     (WARNING)  DB.ExecuteQuery: [29]DBExecuteError - 0A000: cannot alter type of a column used by a view or rule

DETAIL: Detail redacted as it may contain sensitive data. Specify 'Include Error Detail' in the connection string to include this information.
===========>     (SEVERE)   DB.ExecuteQuery: [29] => 42703: column "y" does not exist

POSITION: 30
----------->     (WARNING)  DB.ExecuteQuery: [29]DBExecuteError - 42703: column "y" does not exist

POSITION: 30
===========>     (SEVERE)   DB.ExecuteQuery: [29] => 0A000: cannot alter type of a column used by a view or rule

DETAIL: Detail redacted as it may contain sensitive data. Specify 'Include Error Detail' in the connection string to include this information.
----------->     (WARNING)  DB.ExecuteQuery: [29]DBExecuteError - 0A000: cannot alter type of a column used by a view or rule

DETAIL: Detail redacted as it may contain sensitive data. Specify 'Include Error Detail' in the connection string to include this information.
===========>     (SEVERE)   DB.ExecuteQuery: [29] => 42601: syntax error at or near "=@"

POSITION: 34
----------->     (WARNING)  DB.ExecuteQuery: [29]DBExecuteError - 42601: syntax error at or near "=@"

POSITION: 34
===========>     (SEVERE)   DB.ExecuteQuery: [29] => 0A000: cannot alter type of a column used by a view or rule

DETAIL: Detail redacted as it may contain sensitive data. Specify 'Include Error Detail' in the connection string to include this information.
----------->     (WARNING)  DB.ExecuteQuery: [29]DBExecuteError - 0A000: cannot alter type of a column used by a view or rule

DETAIL: Detail redacted as it may contain sensitive data. Specify 'Include Error Detail' in the connection string to include this information.
===========>     (SEVERE)   DB.ExecuteQuery: [29] => 42601: syntax error at or near "=@"

POSITION: 31
----------->     (WARNING)  DB.ExecuteQuery: [29]DBExecuteError - 42601: syntax error at or near "=@"

POSITION: 31
===========>     (SEVERE)   DB.ExecuteQuery: [29] => 22001: value too long for type character varying(50)
----------->     (WARNING)  DB.ExecuteQuery: [29]DBExecuteError - 22001: value too long for type character varying(50)
===========>     (SEVERE)   DB.ExecuteQuery: [29] => 0A000: cannot alter type of a column used by a view or rule

DETAIL: Detail redacted as it may contain sensitive data. Specify 'Include Error Detail' in the connection string to include this information.
----------->     (WARNING)  DB.ExecuteQuery: [29]DBExecuteError - 0A000: cannot alter type of a column used by a view or rule

DETAIL: Detail redacted as it may contain sensitive data. Specify 'Include Error Detail' in the connection string to include this information.
===========>     (SEVERE)   DB.ExecuteQuery: [29] => 42703: column "y" does not exist

POSITION: 31
----------->     (WARNING)  DB.ExecuteQuery: [29]DBExecuteError - 42703: column "y" does not exist

POSITION: 31
===========>     (SEVERE)   DB.ExecuteQuery: [29] => 0A000: cannot alter type of a column used by a view or rule

DETAIL: Detail redacted as it may contain sensitive data. Specify 'Include Error Detail' in the connection string to include this information.
----------->     (WARNING)  DB.ExecuteQuery: [29]DBExecuteError - 0A000: cannot alter type of a column used by a view or rule

DETAIL: Detail redacted as it may contain sensitive data. Specify 'Include Error Detail' in the connection string to include this information.
===========>     (SEVERE)   DB.ExecuteQuery: [29] => 42601: syntax error at or near "=@#"

POSITION: 44
----------->     (WARNING)  DB.ExecuteQuery: [29]DBExecuteError - 42601: syntax error at or near "=@#"

POSITION: 44
===========>     (SEVERE)   DB.ExecuteQuery: [29] => 42601: syntax error at or near "=@#"

POSITION: 41
----------->     (WARNING)  DB.ExecuteQuery: [29]DBExecuteError - 42601: syntax error at or near "=@#"

POSITION: 41
===========>     (SEVERE)   DB.ExecuteQuery: [29] => 42703: column "y" does not exist

POSITION: 41
----------->     (WARNING)  DB.ExecuteQuery: [29]DBExecuteError - 42703: column "y" does not exist

POSITION: 41
===========>     (SEVERE)   DB.ExecuteQuery: [29] => 42601: syntax error at or near "=@#"

POSITION: 35
----------->     (WARNING)  DB.ExecuteQuery: [29]DBExecuteError - 42601: syntax error at or near "=@#"

POSITION: 35
===========>     (SEVERE)   DB.ExecuteQuery: [29] => 42703: column "y" does not exist

POSITION: 35
----------->     (WARNING)  DB.ExecuteQuery: [29]DBExecuteError - 42703: column "y" does not exist

POSITION: 35
===========>     (SEVERE)   MColumn.Load: [29]NO Data found for AD_Column_ID=1055944
===========>     (SEVERE)   DB.ExecuteQuery: [29] => 42601: syntax error at or near "=@#"

POSITION: 31
----------->     (WARNING)  DB.ExecuteQuery: [29]DBExecuteError - 42601: syntax error at or near "=@#"

POSITION: 31
===========>     (SEVERE)   DB.ExecuteQuery: [29] => 42601: syntax error at or near "=@#"

POSITION: 28
----------->     (WARNING)  DB.ExecuteQuery: [29]DBExecuteError - 42601: syntax error at or near "=@#"

POSITION: 28
===========>     (SEVERE)   DB.ExecuteQuery: [29] => 42703: column "y" does not exist

POSITION: 28
----------->     (WARNING)  DB.ExecuteQuery: [29]DBExecuteError - 42703: column "y" does not exist

POSITION: 28
===========>     (SEVERE)   DB.ExecuteQuery: [29] => 42601: syntax error at or near "=@#"

POSITION: 38
----------->     (WARNING)  DB.ExecuteQuery: [29]DBExecuteError - 42601: syntax error at or near "=@#"

POSITION: 38
