===========>     (SEVERE)   PostgreHelper.ExecuteDataset: [26]42703: column ad_widgetsize.d_chart_id does not exist

POSITION: 375 [Query D] =>SELECT D_Chart.chartType, D_Chart.d_chart_id, D_Chart.Name, colspan,rowspan,'C' AS Type,AD_WidgetSize.AD_WidgetSize_ID,Sequence, IsDefault,AD_IMAGE.BINARYDATA,D_Chart.AD_Window_ID FROM D_Chart INNER JOIN 
                            D_ChartAccess ON (D_Chart.D_Chart_ID=D_ChartAccess.D_Chart_ID)
                            INNER JOIN AD_WidgetSize ON (D_Chart.D_Chart_ID=AD_WidgetSize.D_Chart_ID)LEFT JOIN AD_IMAGE ON AD_IMAGE.AD_IMAGE_ID=AD_WidgetSize.AD_IMAGE_ID                           
                            WHERE D_Chart.isActive='Y' AND AD_WidgetSize.isActive='Y' AND  D_ChartAccess.AD_Role_ID=0 AND Homepage='Y' UNION ALL  SELECT RC_KPI.KPIType AS chartType, RC_KPI.RC_KPI_ID AS d_chart_id,  RC_KPI.Name, colspan,rowspan,'K' AS Type,AD_WidgetSize.AD_WidgetSize_ID,Sequence ,IsDefault,AD_IMAGE.BINARYDATA,RC_KPI.AD_Window_ID FROM RC_KPI INNER JOIN 
                            RC_KPIAccess ON (RC_KPI.RC_KPI_ID=RC_KPIAccess.RC_KPI_ID)
                            INNER JOIN AD_WidgetSize ON (RC_KPI.RC_KPI_ID=AD_WidgetSize.RC_KPI_ID) LEFT JOIN AD_IMAGE ON AD_IMAGE.AD_IMAGE_ID=AD_WidgetSize.AD_IMAGE_ID                            
                            WHERE RC_KPI.isActive='Y' AND AD_WidgetSize.isActive='Y' AND   RC_KPIAccess.AD_Role_ID=0 AND Homepage='Y' UNION ALL  SELECT 'V' AS chartType, RC_View.RC_View_ID AS d_chart_id, RC_View.Name, colspan,rowspan,'V' AS Type,AD_WidgetSize.AD_WidgetSize_ID,Sequence ,IsDefault,AD_IMAGE.BINARYDATA, RC_View.AD_Window_ID FROM RC_View INNER JOIN 
                            RC_ViewAccess ON (RC_View.RC_View_ID=RC_ViewAccess.RC_View_ID)
                            INNER JOIN AD_WidgetSize ON (RC_View.RC_View_ID=AD_WidgetSize.RC_View_ID) LEFT JOIN AD_IMAGE ON AD_IMAGE.AD_IMAGE_ID=AD_WidgetSize.AD_IMAGE_ID                            
                            WHERE RC_View.isActive='Y' AND AD_WidgetSize.isActive='Y' AND   RC_ViewAccess.AD_Role_ID=0 AND Homepage='Y'
----------->     (WARNING)  EvaluationCheck.CheckLicenceValues: [56]KeyEvaluationError - Object reference not set to an instance of an object.
10:34:41.344    (INFO)     Trx.Start: [26]**** VISPRO_ModIns638760332815444132System.Random
10:34:41.344    (INFO)     Trx.Commit: [26]**C** VISPRO_ModIns638760332815444132System.Random
===========>     (SEVERE)   PostgreHelper.ExecuteReader: [9]42P01: relation "va117_paymentsreceipts_v" does not exist

POSITION: 47 [Query DR] SELECT MAX( VA117_PaymentsReceipts_V_ID) FROM VA117_PaymentsReceipts_V
===========>     (SEVERE)   PostgreHelper.ExecuteReader: [9]42P01: relation "va117_paymentsreceipts_v" does not exist

POSITION: 47 [Query DR] SELECT MAX( VA117_PaymentsReceipts_V_ID) FROM VA117_PaymentsReceipts_V
===========>     (SEVERE)   DB.GetSQLValue: [9]SELECT MAX( VA117_PaymentsReceipts_V_ID) FROM VA117_PaymentsReceipts_V => 42P01: relation "va117_paymentsreceipts_v" does not exist

POSITION: 47
10:34:44.344    (INFO)     MChangeLog.FillChangeLog: [9]#9
===========>     (SEVERE)   DB.ExecuteQuery: [9] => 42P01: sequence "va117_paymentsreceipts_v_seq" does not exist
----------->     (WARNING)  DB.ExecuteQuery: [9]DBExecuteError - 42P01: sequence "va117_paymentsreceipts_v_seq" does not exist
===========>     (SEVERE)   PostgreHelper.ExecuteReader: [9]42P01: relation "va117_purchasesaleinv_v" does not exist

POSITION: 46 [Query DR] SELECT MAX( VA117_PurchaseSaleInv_V_ID) FROM VA117_PurchaseSaleInv_V
===========>     (SEVERE)   PostgreHelper.ExecuteReader: [9]42P01: relation "va117_purchasesaleinv_v" does not exist

POSITION: 46 [Query DR] SELECT MAX( VA117_PurchaseSaleInv_V_ID) FROM VA117_PurchaseSaleInv_V
===========>     (SEVERE)   DB.GetSQLValue: [9]SELECT MAX( VA117_PurchaseSaleInv_V_ID) FROM VA117_PurchaseSaleInv_V => 42P01: relation "va117_purchasesaleinv_v" does not exist

POSITION: 46
===========>     (SEVERE)   DB.ExecuteQuery: [9] => 42P01: sequence "va117_purchasesaleinv_v_seq" does not exist
----------->     (WARNING)  DB.ExecuteQuery: [9]DBExecuteError - 42P01: sequence "va117_purchasesaleinv_v_seq" does not exist
===========>     (SEVERE)   PostgreHelper.ExecuteReader: [9]42P01: relation "va117_cashline_v" does not exist

POSITION: 39 [Query DR] SELECT MAX( VA117_CashLine_V_ID) FROM VA117_CashLine_V
===========>     (SEVERE)   PostgreHelper.ExecuteReader: [9]42P01: relation "va117_cashline_v" does not exist

POSITION: 39 [Query DR] SELECT MAX( VA117_CashLine_V_ID) FROM VA117_CashLine_V
===========>     (SEVERE)   DB.GetSQLValue: [9]SELECT MAX( VA117_CashLine_V_ID) FROM VA117_CashLine_V => 42P01: relation "va117_cashline_v" does not exist

POSITION: 39
===========>     (SEVERE)   DB.ExecuteQuery: [9] => 42P01: sequence "va117_cashline_v_seq" does not exist
----------->     (WARNING)  DB.ExecuteQuery: [9]DBExecuteError - 42P01: sequence "va117_cashline_v_seq" does not exist
===========>     (SEVERE)   PostgreHelper.ExecuteReader: [9]42P01: relation "va117_top10cashexpense_v" does not exist

POSITION: 47 [Query DR] SELECT MAX( VA117_Top10CashExpense_V_ID) FROM VA117_Top10CashExpense_V
===========>     (SEVERE)   PostgreHelper.ExecuteReader: [9]42P01: relation "va117_top10cashexpense_v" does not exist

POSITION: 47 [Query DR] SELECT MAX( VA117_Top10CashExpense_V_ID) FROM VA117_Top10CashExpense_V
===========>     (SEVERE)   DB.GetSQLValue: [9]SELECT MAX( VA117_Top10CashExpense_V_ID) FROM VA117_Top10CashExpense_V => 42P01: relation "va117_top10cashexpense_v" does not exist

POSITION: 47
===========>     (SEVERE)   DB.ExecuteQuery: [9] => 42P01: sequence "va117_top10cashexpense_v_seq" does not exist
----------->     (WARNING)  DB.ExecuteQuery: [9]DBExecuteError - 42P01: sequence "va117_top10cashexpense_v_seq" does not exist
===========>     (SEVERE)   PostgreHelper.ExecuteReader: [9]42P01: relation "va117_bankbalance_v" does not exist

POSITION: 42 [Query DR] SELECT MAX( VA117_BankBalance_V_ID) FROM VA117_BankBalance_V
===========>     (SEVERE)   PostgreHelper.ExecuteReader: [9]42P01: relation "va117_bankbalance_v" does not exist

POSITION: 42 [Query DR] SELECT MAX( VA117_BankBalance_V_ID) FROM VA117_BankBalance_V
===========>     (SEVERE)   DB.GetSQLValue: [9]SELECT MAX( VA117_BankBalance_V_ID) FROM VA117_BankBalance_V => 42P01: relation "va117_bankbalance_v" does not exist

POSITION: 42
===========>     (SEVERE)   DB.ExecuteQuery: [9] => 42P01: sequence "va117_bankbalance_v_seq" does not exist
----------->     (WARNING)  DB.ExecuteQuery: [9]DBExecuteError - 42P01: sequence "va117_bankbalance_v_seq" does not exist
===========>     (SEVERE)   DB.ExecuteQuery: [9] => 23505: duplicate key value violates unique constraint "ad_ref_table_pkey"

DETAIL: Detail redacted as it may contain sensitive data. Specify 'Include Error Detail' in the connection string to include this information.
----------->     (WARNING)  DB.ExecuteQuery: [9]DBExecuteError - 23505: duplicate key value violates unique constraint "ad_ref_table_pkey"

DETAIL: Detail redacted as it may contain sensitive data. Specify 'Include Error Detail' in the connection string to include this information.
----------->     (WARNING)  X_AD_Ref_Table.Add_AD_Ref_Tables: [9]Not insertedAD_Ref_Table
===========>     (SEVERE)   DB.ExecuteQuery: [9] => 0A000: cannot alter type of a column used by a view or rule

DETAIL: Detail redacted as it may contain sensitive data. Specify 'Include Error Detail' in the connection string to include this information.
----------->     (WARNING)  DB.ExecuteQuery: [9]DBExecuteError - 0A000: cannot alter type of a column used by a view or rule

DETAIL: Detail redacted as it may contain sensitive data. Specify 'Include Error Detail' in the connection string to include this information.
===========>     (SEVERE)   DB.ExecuteQuery: [9] => 42601: syntax error at or near "=@#"

POSITION: 32
----------->     (WARNING)  DB.ExecuteQuery: [9]DBExecuteError - 42601: syntax error at or near "=@#"

POSITION: 32
===========>     (SEVERE)   DB.ExecuteQuery: [9] => 0A000: cannot alter type of a column used by a view or rule

DETAIL: Detail redacted as it may contain sensitive data. Specify 'Include Error Detail' in the connection string to include this information.
----------->     (WARNING)  DB.ExecuteQuery: [9]DBExecuteError - 0A000: cannot alter type of a column used by a view or rule

DETAIL: Detail redacted as it may contain sensitive data. Specify 'Include Error Detail' in the connection string to include this information.
===========>     (SEVERE)   DB.ExecuteQuery: [9] => 42601: syntax error at or near "=@#"

POSITION: 29
----------->     (WARNING)  DB.ExecuteQuery: [9]DBExecuteError - 42601: syntax error at or near "=@#"

POSITION: 29
===========>     (SEVERE)   DB.ExecuteQuery: [9] => 0A000: cannot alter type of a column used by a view or rule

DETAIL: Detail redacted as it may contain sensitive data. Specify 'Include Error Detail' in the connection string to include this information.
----------->     (WARNING)  DB.ExecuteQuery: [9]DBExecuteError - 0A000: cannot alter type of a column used by a view or rule

DETAIL: Detail redacted as it may contain sensitive data. Specify 'Include Error Detail' in the connection string to include this information.
===========>     (SEVERE)   DB.ExecuteQuery: [9] => 0A000: cannot alter type of a column used by a view or rule

DETAIL: Detail redacted as it may contain sensitive data. Specify 'Include Error Detail' in the connection string to include this information.
----------->     (WARNING)  DB.ExecuteQuery: [9]DBExecuteError - 0A000: cannot alter type of a column used by a view or rule

DETAIL: Detail redacted as it may contain sensitive data. Specify 'Include Error Detail' in the connection string to include this information.
===========>     (SEVERE)   DB.ExecuteQuery: [9] => 0A000: cannot alter type of a column used by a view or rule

DETAIL: Detail redacted as it may contain sensitive data. Specify 'Include Error Detail' in the connection string to include this information.
----------->     (WARNING)  DB.ExecuteQuery: [9]DBExecuteError - 0A000: cannot alter type of a column used by a view or rule

DETAIL: Detail redacted as it may contain sensitive data. Specify 'Include Error Detail' in the connection string to include this information.
===========>     (SEVERE)   DB.ExecuteQuery: [9] => 0A000: cannot alter type of a column used by a view or rule

DETAIL: Detail redacted as it may contain sensitive data. Specify 'Include Error Detail' in the connection string to include this information.
----------->     (WARNING)  DB.ExecuteQuery: [9]DBExecuteError - 0A000: cannot alter type of a column used by a view or rule

DETAIL: Detail redacted as it may contain sensitive data. Specify 'Include Error Detail' in the connection string to include this information.
===========>     (SEVERE)   DB.ExecuteQuery: [9] => 42703: column "y" does not exist

POSITION: 29
----------->     (WARNING)  DB.ExecuteQuery: [9]DBExecuteError - 42703: column "y" does not exist

POSITION: 29
===========>     (SEVERE)   DB.ExecuteQuery: [9] => 0A000: cannot alter type of a column used by a view or rule

DETAIL: Detail redacted as it may contain sensitive data. Specify 'Include Error Detail' in the connection string to include this information.
----------->     (WARNING)  DB.ExecuteQuery: [9]DBExecuteError - 0A000: cannot alter type of a column used by a view or rule

DETAIL: Detail redacted as it may contain sensitive data. Specify 'Include Error Detail' in the connection string to include this information.
===========>     (SEVERE)   DB.ExecuteQuery: [9] => 0A000: cannot alter type of a column used by a view or rule

DETAIL: Detail redacted as it may contain sensitive data. Specify 'Include Error Detail' in the connection string to include this information.
----------->     (WARNING)  DB.ExecuteQuery: [9]DBExecuteError - 0A000: cannot alter type of a column used by a view or rule

DETAIL: Detail redacted as it may contain sensitive data. Specify 'Include Error Detail' in the connection string to include this information.
===========>     (SEVERE)   DB.ExecuteQuery: [9] => 0A000: cannot alter type of a column used by a view or rule

DETAIL: Detail redacted as it may contain sensitive data. Specify 'Include Error Detail' in the connection string to include this information.
----------->     (WARNING)  DB.ExecuteQuery: [9]DBExecuteError - 0A000: cannot alter type of a column used by a view or rule

DETAIL: Detail redacted as it may contain sensitive data. Specify 'Include Error Detail' in the connection string to include this information.
===========>     (SEVERE)   DB.ExecuteQuery: [9] => 23505: duplicate key value violates unique constraint "d_chart_pkey"

DETAIL: Detail redacted as it may contain sensitive data. Specify 'Include Error Detail' in the connection string to include this information.
----------->     (WARNING)  DB.ExecuteQuery: [9]DBExecuteError - 23505: duplicate key value violates unique constraint "d_chart_pkey"

DETAIL: Detail redacted as it may contain sensitive data. Specify 'Include Error Detail' in the connection string to include this information.
===========>     (SEVERE)   DB.ExecuteQuery: [9] => 23505: duplicate key value violates unique constraint "d_series_pkey"

DETAIL: Detail redacted as it may contain sensitive data. Specify 'Include Error Detail' in the connection string to include this information.
----------->     (WARNING)  DB.ExecuteQuery: [9]DBExecuteError - 23505: duplicate key value violates unique constraint "d_series_pkey"

DETAIL: Detail redacted as it may contain sensitive data. Specify 'Include Error Detail' in the connection string to include this information.
10:34:57.345    (INFO)     Env.Reset: [9]finalCall=False
10:34:57.345    (INFO)     CacheMgt.Reset: [9]#21 (5902)
10:34:57.345    (INFO)     Trx.Start: [9]**** VISPRO_ModIns638760332979608666System.Random
10:34:57.345    (INFO)     Trx.Commit: [9]**C** VISPRO_ModIns638760332979608666System.Random
10:35:12.351    (INFO)     MRole.Get: [9]AD_Role_ID=0, AD_User_ID=100, reload=True
10:35:12.351    (INFO)     MRole.Get: [9]MRole[0,System Administrator,UserLevel=S  ,AD_Client_ID=0,AD_Org_ID=0]
10:35:12.351    (INFO)     MRole.Get: [9]AD_Role_ID=0, AD_User_ID=100, reload=True
10:35:12.351    (INFO)     MRole.Get: [9]MRole[0,System Administrator,UserLevel=S  ,AD_Client_ID=0,AD_Org_ID=0]
10:35:12.351    (INFO)     MTree.Load: [9]AD_Tree_ID=121, AD_User_ID=100, Editable=False, OnClient=True
10:35:12.351    (INFO)     Msg.InitMsg: [9]Records=4663 - en_US
----------->     (WARNING)  PushNotification.SendNotificationToUser: [9]PushNotif - Module VA074_ is not installed!
===========>     (SEVERE)   PostgreHelper.ExecuteDataset: [26]42703: column ad_widgetsize.d_chart_id does not exist

POSITION: 375 [Query D] =>SELECT D_Chart.chartType, D_Chart.d_chart_id, D_Chart.Name, colspan,rowspan,'C' AS Type,AD_WidgetSize.AD_WidgetSize_ID,Sequence, IsDefault,AD_IMAGE.BINARYDATA,D_Chart.AD_Window_ID FROM D_Chart INNER JOIN 
                            D_ChartAccess ON (D_Chart.D_Chart_ID=D_ChartAccess.D_Chart_ID)
                            INNER JOIN AD_WidgetSize ON (D_Chart.D_Chart_ID=AD_WidgetSize.D_Chart_ID)LEFT JOIN AD_IMAGE ON AD_IMAGE.AD_IMAGE_ID=AD_WidgetSize.AD_IMAGE_ID                           
                            WHERE D_Chart.isActive='Y' AND AD_WidgetSize.isActive='Y' AND  D_ChartAccess.AD_Role_ID=0 AND Homepage='Y' UNION ALL  SELECT RC_KPI.KPIType AS chartType, RC_KPI.RC_KPI_ID AS d_chart_id,  RC_KPI.Name, colspan,rowspan,'K' AS Type,AD_WidgetSize.AD_WidgetSize_ID,Sequence ,IsDefault,AD_IMAGE.BINARYDATA,RC_KPI.AD_Window_ID FROM RC_KPI INNER JOIN 
                            RC_KPIAccess ON (RC_KPI.RC_KPI_ID=RC_KPIAccess.RC_KPI_ID)
                            INNER JOIN AD_WidgetSize ON (RC_KPI.RC_KPI_ID=AD_WidgetSize.RC_KPI_ID) LEFT JOIN AD_IMAGE ON AD_IMAGE.AD_IMAGE_ID=AD_WidgetSize.AD_IMAGE_ID                            
                            WHERE RC_KPI.isActive='Y' AND AD_WidgetSize.isActive='Y' AND   RC_KPIAccess.AD_Role_ID=0 AND Homepage='Y' UNION ALL  SELECT 'V' AS chartType, RC_View.RC_View_ID AS d_chart_id, RC_View.Name, colspan,rowspan,'V' AS Type,AD_WidgetSize.AD_WidgetSize_ID,Sequence ,IsDefault,AD_IMAGE.BINARYDATA, RC_View.AD_Window_ID FROM RC_View INNER JOIN 
                            RC_ViewAccess ON (RC_View.RC_View_ID=RC_ViewAccess.RC_View_ID)
                            INNER JOIN AD_WidgetSize ON (RC_View.RC_View_ID=AD_WidgetSize.RC_View_ID) LEFT JOIN AD_IMAGE ON AD_IMAGE.AD_IMAGE_ID=AD_WidgetSize.AD_IMAGE_ID                            
                            WHERE RC_View.isActive='Y' AND AD_WidgetSize.isActive='Y' AND   RC_ViewAccess.AD_Role_ID=0 AND Homepage='Y'
11:17:40.174    (INFO)     MSession.Logout: [5]-07:16:07.48
*** 2/24/2025 11:49:27 PM VAdvantage Log  ***
*** 2/24/2025 11:49:27 PM VAdvantage Log ***
