===========>     (SEVERE)   PostgreHelper.ExecuteDataset: [48]42703: column ad_widgetsize.d_chart_id does not exist

POSITION: 375 [Query D] =>SELECT D_Chart.chartType, D_Chart.d_chart_id, D_Chart.Name, colspan,rowspan,'C' AS Type,AD_WidgetSize.AD_WidgetSize_ID,Sequence, IsDefault,AD_IMAGE.BINARYDATA,D_Chart.AD_Window_ID FROM D_Chart INNER JOIN 
                            D_ChartAccess ON (D_Chart.D_Chart_ID=D_ChartAccess.D_Chart_ID)
                            INNER JOIN AD_WidgetSize ON (D_Chart.D_Chart_ID=AD_WidgetSize.D_Chart_ID)LEFT JOIN AD_IMAGE ON AD_IMAGE.AD_IMAGE_ID=AD_WidgetSize.AD_IMAGE_ID                           
                            WHERE D_Chart.isActive='Y' AND AD_WidgetSize.isActive='Y' AND  D_ChartAccess.AD_Role_ID=0 AND Homepage='Y' UNION ALL  SELECT RC_KPI.KPIType AS chartType, RC_KPI.RC_KPI_ID AS d_chart_id,  RC_KPI.Name, colspan,rowspan,'K' AS Type,AD_WidgetSize.AD_WidgetSize_ID,Sequence ,IsDefault,AD_IMAGE.BINARYDATA,RC_KPI.AD_Window_ID FROM RC_KPI INNER JOIN 
                            RC_KPIAccess ON (RC_KPI.RC_KPI_ID=RC_KPIAccess.RC_KPI_ID)
                            INNER JOIN AD_WidgetSize ON (RC_KPI.RC_KPI_ID=AD_WidgetSize.RC_KPI_ID) LEFT JOIN AD_IMAGE ON AD_IMAGE.AD_IMAGE_ID=AD_WidgetSize.AD_IMAGE_ID                            
                            WHERE RC_KPI.isActive='Y' AND AD_WidgetSize.isActive='Y' AND   RC_KPIAccess.AD_Role_ID=0 AND Homepage='Y' UNION ALL  SELECT 'V' AS chartType, RC_View.RC_View_ID AS d_chart_id, RC_View.Name, colspan,rowspan,'V' AS Type,AD_WidgetSize.AD_WidgetSize_ID,Sequence ,IsDefault,AD_IMAGE.BINARYDATA, RC_View.AD_Window_ID FROM RC_View INNER JOIN 
                            RC_ViewAccess ON (RC_View.RC_View_ID=RC_ViewAccess.RC_View_ID)
                            INNER JOIN AD_WidgetSize ON (RC_View.RC_View_ID=AD_WidgetSize.RC_View_ID) LEFT JOIN AD_IMAGE ON AD_IMAGE.AD_IMAGE_ID=AD_WidgetSize.AD_IMAGE_ID                            
                            WHERE RC_View.isActive='Y' AND AD_WidgetSize.isActive='Y' AND   RC_ViewAccess.AD_Role_ID=0 AND Homepage='Y'
09:25:12.251    (INFO)     Trx.Start: [51]**** VISPRO_ModIns638760291124288824System.Random
09:25:12.251    (INFO)     Trx.Commit: [51]**C** VISPRO_ModIns638760291124288824System.Random
09:25:15.251    (INFO)     MChangeLog.FillChangeLog: [34]#9
===========>     (SEVERE)   DB.ExecuteQuery: [34] => 23502: null value in column "name" of relation "ad_menu" violates not-null constraint

DETAIL: Detail redacted as it may contain sensitive data. Specify 'Include Error Detail' in the connection string to include this information.
----------->     (WARNING)  DB.ExecuteQuery: [34]DBExecuteError - 23502: null value in column "name" of relation "ad_menu" violates not-null constraint

DETAIL: Detail redacted as it may contain sensitive data. Specify 'Include Error Detail' in the connection string to include this information.
----------->     (WARNING)  MMenu.ImportNow: [34]Not insertedAD_Menu
===========>     (SEVERE)   DB.ExecuteQuery: [34] => 23505: duplicate key value violates unique constraint "ad_form_access_pkey"

DETAIL: Detail redacted as it may contain sensitive data. Specify 'Include Error Detail' in the connection string to include this information.
----------->     (WARNING)  DB.ExecuteQuery: [34]DBExecuteError - 23505: duplicate key value violates unique constraint "ad_form_access_pkey"

DETAIL: Detail redacted as it may contain sensitive data. Specify 'Include Error Detail' in the connection string to include this information.
----------->     (WARNING)  X_AD_Form_Access.ImportNow: [34]Not insertedAD_Form_Access
===========>     (SEVERE)   DB.ExecuteQuery: [34] => 23505: duplicate key value violates unique constraint "ad_form_access_pkey"

DETAIL: Detail redacted as it may contain sensitive data. Specify 'Include Error Detail' in the connection string to include this information.
----------->     (WARNING)  DB.ExecuteQuery: [34]DBExecuteError - 23505: duplicate key value violates unique constraint "ad_form_access_pkey"

DETAIL: Detail redacted as it may contain sensitive data. Specify 'Include Error Detail' in the connection string to include this information.
----------->     (WARNING)  X_AD_Form_Access.ImportNow: [34]Not insertedAD_Form_Access
===========>     (SEVERE)   DB.ExecuteQuery: [34] => 42P01: relation "ad_valuepreference" does not exist

POSITION: 13
----------->     (WARNING)  DB.ExecuteQuery: [34]DBExecuteError - 42P01: relation "ad_valuepreference" does not exist

POSITION: 13
===========>     (SEVERE)   DB.ExecuteQuery: [34] => 23505: duplicate key value violates unique constraint "ad_form_access_pkey"

DETAIL: Detail redacted as it may contain sensitive data. Specify 'Include Error Detail' in the connection string to include this information.
----------->     (WARNING)  DB.ExecuteQuery: [34]DBExecuteError - 23505: duplicate key value violates unique constraint "ad_form_access_pkey"

DETAIL: Detail redacted as it may contain sensitive data. Specify 'Include Error Detail' in the connection string to include this information.
----------->     (WARNING)  X_AD_Form_Access.AddWindowToMenu: [34]Not insertedAD_Form_Access
===========>     (SEVERE)   DB.ExecuteQuery: [34] => 23505: duplicate key value violates unique constraint "ad_form_access_pkey"

DETAIL: Detail redacted as it may contain sensitive data. Specify 'Include Error Detail' in the connection string to include this information.
----------->     (WARNING)  DB.ExecuteQuery: [34]DBExecuteError - 23505: duplicate key value violates unique constraint "ad_form_access_pkey"

DETAIL: Detail redacted as it may contain sensitive data. Specify 'Include Error Detail' in the connection string to include this information.
----------->     (WARNING)  X_AD_Form_Access.AddWindowToMenu: [34]Not insertedAD_Form_Access
===========>     (SEVERE)   DB.ExecuteQuery: [34] => 23505: duplicate key value violates unique constraint "ad_window_access_pkey"

DETAIL: Detail redacted as it may contain sensitive data. Specify 'Include Error Detail' in the connection string to include this information.
----------->     (WARNING)  DB.ExecuteQuery: [34]DBExecuteError - 23505: duplicate key value violates unique constraint "ad_window_access_pkey"

DETAIL: Detail redacted as it may contain sensitive data. Specify 'Include Error Detail' in the connection string to include this information.
----------->     (WARNING)  X_AD_Window_Access.AddWindowToMenu: [34]Not insertedAD_Window_Access
===========>     (SEVERE)   DB.ExecuteQuery: [34] => 23505: duplicate key value violates unique constraint "ad_window_access_pkey"

DETAIL: Detail redacted as it may contain sensitive data. Specify 'Include Error Detail' in the connection string to include this information.
----------->     (WARNING)  DB.ExecuteQuery: [34]DBExecuteError - 23505: duplicate key value violates unique constraint "ad_window_access_pkey"

DETAIL: Detail redacted as it may contain sensitive data. Specify 'Include Error Detail' in the connection string to include this information.
----------->     (WARNING)  X_AD_Window_Access.AddWindowToMenu: [34]Not insertedAD_Window_Access
===========>     (SEVERE)   DB.ExecuteQuery: [34] => 23505: duplicate key value violates unique constraint "ad_window_access_pkey"

DETAIL: Detail redacted as it may contain sensitive data. Specify 'Include Error Detail' in the connection string to include this information.
----------->     (WARNING)  DB.ExecuteQuery: [34]DBExecuteError - 23505: duplicate key value violates unique constraint "ad_window_access_pkey"

DETAIL: Detail redacted as it may contain sensitive data. Specify 'Include Error Detail' in the connection string to include this information.
----------->     (WARNING)  X_AD_Window_Access.AddWindowToMenu: [34]Not insertedAD_Window_Access
===========>     (SEVERE)   DB.ExecuteQuery: [34] => 23505: duplicate key value violates unique constraint "ad_window_access_pkey"

DETAIL: Detail redacted as it may contain sensitive data. Specify 'Include Error Detail' in the connection string to include this information.
----------->     (WARNING)  DB.ExecuteQuery: [34]DBExecuteError - 23505: duplicate key value violates unique constraint "ad_window_access_pkey"

DETAIL: Detail redacted as it may contain sensitive data. Specify 'Include Error Detail' in the connection string to include this information.
----------->     (WARNING)  X_AD_Window_Access.AddWindowToMenu: [34]Not insertedAD_Window_Access
===========>     (SEVERE)   DB.ExecuteQuery: [34] => 23505: duplicate key value violates unique constraint "ad_window_access_pkey"

DETAIL: Detail redacted as it may contain sensitive data. Specify 'Include Error Detail' in the connection string to include this information.
----------->     (WARNING)  DB.ExecuteQuery: [34]DBExecuteError - 23505: duplicate key value violates unique constraint "ad_window_access_pkey"

DETAIL: Detail redacted as it may contain sensitive data. Specify 'Include Error Detail' in the connection string to include this information.
----------->     (WARNING)  X_AD_Window_Access.AddWindowToMenu: [34]Not insertedAD_Window_Access
===========>     (SEVERE)   DB.ExecuteQuery: [34] => 23505: duplicate key value violates unique constraint "ad_window_access_pkey"

DETAIL: Detail redacted as it may contain sensitive data. Specify 'Include Error Detail' in the connection string to include this information.
----------->     (WARNING)  DB.ExecuteQuery: [34]DBExecuteError - 23505: duplicate key value violates unique constraint "ad_window_access_pkey"

DETAIL: Detail redacted as it may contain sensitive data. Specify 'Include Error Detail' in the connection string to include this information.
----------->     (WARNING)  X_AD_Window_Access.AddWindowToMenu: [34]Not insertedAD_Window_Access
===========>     (SEVERE)   DB.ExecuteQuery: [34] => 23505: duplicate key value violates unique constraint "ad_process_access_pkey"

DETAIL: Detail redacted as it may contain sensitive data. Specify 'Include Error Detail' in the connection string to include this information.
----------->     (WARNING)  DB.ExecuteQuery: [34]DBExecuteError - 23505: duplicate key value violates unique constraint "ad_process_access_pkey"

DETAIL: Detail redacted as it may contain sensitive data. Specify 'Include Error Detail' in the connection string to include this information.
----------->     (WARNING)  X_AD_Process_Access.ImportNow: [34]Not insertedAD_Process_Access
===========>     (SEVERE)   DB.ExecuteQuery: [34] => 23505: duplicate key value violates unique constraint "ad_process_access_pkey"

DETAIL: Detail redacted as it may contain sensitive data. Specify 'Include Error Detail' in the connection string to include this information.
----------->     (WARNING)  DB.ExecuteQuery: [34]DBExecuteError - 23505: duplicate key value violates unique constraint "ad_process_access_pkey"

DETAIL: Detail redacted as it may contain sensitive data. Specify 'Include Error Detail' in the connection string to include this information.
----------->     (WARNING)  X_AD_Process_Access.ImportNow: [34]Not insertedAD_Process_Access
===========>     (SEVERE)   DB.ExecuteQuery: [34] => 23505: duplicate key value violates unique constraint "ad_process_access_pkey"

DETAIL: Detail redacted as it may contain sensitive data. Specify 'Include Error Detail' in the connection string to include this information.
----------->     (WARNING)  DB.ExecuteQuery: [34]DBExecuteError - 23505: duplicate key value violates unique constraint "ad_process_access_pkey"

DETAIL: Detail redacted as it may contain sensitive data. Specify 'Include Error Detail' in the connection string to include this information.
----------->     (WARNING)  X_AD_Process_Access.ImportNow: [34]Not insertedAD_Process_Access
===========>     (SEVERE)   DB.ExecuteQuery: [34] => 23505: duplicate key value violates unique constraint "ad_process_access_pkey"

DETAIL: Detail redacted as it may contain sensitive data. Specify 'Include Error Detail' in the connection string to include this information.
----------->     (WARNING)  DB.ExecuteQuery: [34]DBExecuteError - 23505: duplicate key value violates unique constraint "ad_process_access_pkey"

DETAIL: Detail redacted as it may contain sensitive data. Specify 'Include Error Detail' in the connection string to include this information.
----------->     (WARNING)  X_AD_Process_Access.ImportNow: [34]Not insertedAD_Process_Access
===========>     (SEVERE)   DB.ExecuteQuery: [34] => 42601: syntax error at or near "=@#"

POSITION: 47
----------->     (WARNING)  DB.ExecuteQuery: [34]DBExecuteError - 42601: syntax error at or near "=@#"

POSITION: 47
===========>     (SEVERE)   DB.ExecuteQuery: [34] => 42601: syntax error at or near "=@#"

POSITION: 44
----------->     (WARNING)  DB.ExecuteQuery: [34]DBExecuteError - 42601: syntax error at or near "=@#"

POSITION: 44
===========>     (SEVERE)   DB.ExecuteQuery: [34] => 42703: column "y" does not exist

POSITION: 44
----------->     (WARNING)  DB.ExecuteQuery: [34]DBExecuteError - 42703: column "y" does not exist

POSITION: 44
===========>     (SEVERE)   DB.ExecuteQuery: [34] => 42601: syntax error at or near "=@#"

POSITION: 43
----------->     (WARNING)  DB.ExecuteQuery: [34]DBExecuteError - 42601: syntax error at or near "=@#"

POSITION: 43
===========>     (SEVERE)   DB.ExecuteQuery: [34] => 42601: syntax error at or near "=@#"

POSITION: 40
----------->     (WARNING)  DB.ExecuteQuery: [34]DBExecuteError - 42601: syntax error at or near "=@#"

POSITION: 40
===========>     (SEVERE)   DB.ExecuteQuery: [34] => 42703: column "y" does not exist

POSITION: 40
----------->     (WARNING)  DB.ExecuteQuery: [34]DBExecuteError - 42703: column "y" does not exist

POSITION: 40
===========>     (SEVERE)   DB.ExecuteQuery: [34] => 42601: syntax error at or near "=@#"

POSITION: 40
----------->     (WARNING)  DB.ExecuteQuery: [34]DBExecuteError - 42601: syntax error at or near "=@#"

POSITION: 40
===========>     (SEVERE)   DB.ExecuteQuery: [34] => 42601: syntax error at or near "=@#"

POSITION: 37
----------->     (WARNING)  DB.ExecuteQuery: [34]DBExecuteError - 42601: syntax error at or near "=@#"

POSITION: 37
===========>     (SEVERE)   DB.ExecuteQuery: [34] => 42703: column "y" does not exist

POSITION: 37
----------->     (WARNING)  DB.ExecuteQuery: [34]DBExecuteError - 42703: column "y" does not exist

POSITION: 37
===========>     (SEVERE)   DB.ExecuteQuery: [34] => 42601: syntax error at or near "=@#"

POSITION: 36
----------->     (WARNING)  DB.ExecuteQuery: [34]DBExecuteError - 42601: syntax error at or near "=@#"

POSITION: 36
===========>     (SEVERE)   DB.ExecuteQuery: [34] => 42601: syntax error at or near "=@#"

POSITION: 33
----------->     (WARNING)  DB.ExecuteQuery: [34]DBExecuteError - 42601: syntax error at or near "=@#"

POSITION: 33
===========>     (SEVERE)   DB.ExecuteQuery: [34] => 42703: column "y" does not exist

POSITION: 33
----------->     (WARNING)  DB.ExecuteQuery: [34]DBExecuteError - 42703: column "y" does not exist

POSITION: 33
===========>     (SEVERE)   DB.ExecuteQuery: [34] => 42601: syntax error at or near "=@#"

POSITION: 40
----------->     (WARNING)  DB.ExecuteQuery: [34]DBExecuteError - 42601: syntax error at or near "=@#"

POSITION: 40
===========>     (SEVERE)   DB.ExecuteQuery: [34] => 42601: syntax error at or near "=@#"

POSITION: 37
----------->     (WARNING)  DB.ExecuteQuery: [34]DBExecuteError - 42601: syntax error at or near "=@#"

POSITION: 37
===========>     (SEVERE)   DB.ExecuteQuery: [34] => 42703: column "y" does not exist

POSITION: 37
----------->     (WARNING)  DB.ExecuteQuery: [34]DBExecuteError - 42703: column "y" does not exist

POSITION: 37
===========>     (SEVERE)   DB.ExecuteQuery: [34] => 42601: syntax error at or near "=@#"

POSITION: 36
----------->     (WARNING)  DB.ExecuteQuery: [34]DBExecuteError - 42601: syntax error at or near "=@#"

POSITION: 36
===========>     (SEVERE)   DB.ExecuteQuery: [34] => 42601: syntax error at or near "=@#"

POSITION: 33
----------->     (WARNING)  DB.ExecuteQuery: [34]DBExecuteError - 42601: syntax error at or near "=@#"

POSITION: 33
===========>     (SEVERE)   DB.ExecuteQuery: [34] => 42703: column "y" does not exist

POSITION: 33
----------->     (WARNING)  DB.ExecuteQuery: [34]DBExecuteError - 42703: column "y" does not exist

POSITION: 33
09:25:40.254    (INFO)     Env.Reset: [34]finalCall=False
09:25:40.254    (INFO)     CacheMgt.Reset: [34]#21 (5833)
09:25:40.254    (INFO)     Trx.Start: [34]**** VISPRO_ModIns638760291403315153System.Random
